// Jest Snapshot v1, https://goo.gl/fbAQLP

exports[`the Education component snapshot test 1`] = `
Array [
  <div
    className="react-reveal"
    style={
      Object {
        "opacity": undefined,
      }
    }
  >
    <div
      className="justify-content-center row"
    >
      <h2
        className="subject-header"
      >
        Education
      </h2>
    </div>
  </div>,
  <div
    className="react-reveal"
    style={
      Object {
        "opacity": undefined,
      }
    }
  >
    <div
      className="row"
    >
      <div
        className="col-md-6 col-sm-12"
      >
        <img
          alt="standing with my step dad at graduation"
          src="graduation.jpg"
        />
      </div>
      <div
        className="col-md-6 col-sm-12"
      >
        <img
          alt="University of Pittsburgh logo"
          className="rounded"
          src="pitt-logo.png"
        />
        <ul
          className="list-unstyled"
        >
          <li>
            Graduated May 2014
          </li>
          <li>
            GPA: 3.07
          </li>
        </ul>
        <ul
          className="list-unstyled"
        >
          <li>
            <img
              alt="green check mark"
              src="green-check.png"
            />
            <em>
              Bachelor of Science in Applied Mathematics
            </em>
          </li>
          <li>
            <img
              alt="green check mark"
              src="green-check.png"
            />
            <em>
              Bachelor of Arts in Anthropology
            </em>
          </li>
          <li>
            <img
              alt="green check mark"
              src="green-check.png"
            />
            <em>
              Minor in Computer Science
            </em>
          </li>
        </ul>
      </div>
    </div>
  </div>,
  <hr
    className="react-reveal featurette-divider"
    style={
      Object {
        "opacity": undefined,
      }
    }
  />,
]
`;

exports[`the Experience component snapshot test with link and image logo 1`] = `
<div
  style={
    Object {
      "paddingBottom": "50px",
    }
  }
>
  <div
    className="row"
  >
    <div
      className="col-md-6"
    >
      <img
        alt="Cross Country Traveler-logo"
        src="gone-hiking-logo.png"
        style={
          Object {
            "width": "327px",
          }
        }
      />
      <h2
        className="job-title"
      >
        Solo Adventurer
      </h2>
    </div>
    <div
      className="subject-sub-date col-md-6"
    >
      <p
        className="float-md-right"
      >
        August/2016-January/2017
      </p>
    </div>
  </div>
  <div
    className="row"
  >
    <div
      className="col-sm-12"
    >
      <p
        className="job-description"
      >
        A solo 6 month adventure across America summarized using D3
         
        <a
          href="https://schretzilla.github.io/adventure-america/index"
          rel="noopener noreferrer"
          target="_blank"
        >
          here
        </a>
         
      </p>
      <p
        className="job-team-name"
      >
        
      </p>
    </div>
    <ul>
      <li
        className="job-key-points"
      >
        Volunteered with Samaritain's Purse helping Louisiana flood victims
      </li>
      <li
        className="job-key-points"
      >
        Summited 24 of Colorado’s 14,000+ foot mountains
      </li>
      <li
        className="job-key-points"
      >
        Confirmed strategy and required actions for my five-year plan
      </li>
       
    </ul>
  </div>
</div>
`;

exports[`the Extra Activities component snapshot test 1`] = `
Array [
  <div
    className="react-reveal"
    style={
      Object {
        "opacity": undefined,
      }
    }
  >
    <div
      className="justify-content-center row"
    >
      <h2
        className="subject-header"
      >
        Away from the Screen
      </h2>
    </div>
  </div>,
  <div
    className="react-reveal"
    style={
      Object {
        "opacity": undefined,
      }
    }
  >
    <div
      className="align-items-center row"
    >
      <div
        className="col-md-1"
      />
      <div
        className="col-md-10"
      >
        <div
          className="col"
        >
          <div
            className="slick-slider slick-initialized"
            dir="ltr"
          >
            <button
              className="slick-arrow slick-prev"
              data-role="none"
              onClick={[Function]}
              style={
                Object {
                  "display": "block",
                }
              }
              type="button"
            >
               
              Previous
            </button>
            <div
              className="slick-list"
              onClick={[Function]}
              onKeyDown={[Function]}
              onMouseDown={[Function]}
              onMouseLeave={null}
              onMouseMove={null}
              onMouseUp={[Function]}
              onTouchCancel={null}
              onTouchEnd={[Function]}
              onTouchMove={null}
              onTouchStart={[Function]}
              style={Object {}}
            >
              <div
                className="slick-track"
                onMouseEnter={[Function]}
                onMouseLeave={[Function]}
                onMouseOver={[Function]}
                style={
                  Object {
                    "WebkitTransform": "translate3d(0px, 0px, 0px)",
                    "WebkitTransition": "",
                    "msTransform": "translateX(0px)",
                    "opacity": 1,
                    "transform": "translate3d(0px, 0px, 0px)",
                    "transition": "",
                  }
                }
              >
                <div
                  aria-hidden={true}
                  className="slick-slide slick-cloned"
                  data-index={-1}
                  onClick={[Function]}
                  style={
                    Object {
                      "width": 0,
                    }
                  }
                  tabIndex="-1"
                >
                  <div>
                    <div
                      style={
                        Object {
                          "display": "inline-block",
                          "width": "100%",
                        }
                      }
                      tabIndex={-1}
                    >
                      <img
                        alt="high school wrestling"
                        src="high-school-wrestling.jpg"
                        style={
                          Object {
                            "width": "100%",
                          }
                        }
                      />
                      <p>
                        I was an All American high school wrestler
                      </p>
                    </div>
                  </div>
                </div>
                <div
                  aria-hidden={false}
                  className="slick-slide slick-active slick-current"
                  data-index={0}
                  onClick={[Function]}
                  style={
                    Object {
                      "outline": "none",
                      "width": 0,
                    }
                  }
                  tabIndex="-1"
                >
                  <div>
                    <div
                      style={
                        Object {
                          "display": "inline-block",
                          "width": "100%",
                        }
                      }
                      tabIndex={-1}
                    >
                      <img
                        alt="ironman"
                        src="ironman.jpg"
                        style={
                          Object {
                            "width": "100%",
                          }
                        }
                      />
                      <p>
                        I'm an ultra athlete, I've complete 7 marathons, won the Chi Town Half Marathon and completed 2 Ironman competitions.
                      </p>
                    </div>
                  </div>
                </div>
                <div
                  aria-hidden={true}
                  className="slick-slide"
                  data-index={1}
                  onClick={[Function]}
                  style={
                    Object {
                      "outline": "none",
                      "width": 0,
                    }
                  }
                  tabIndex="-1"
                >
                  <div>
                    <div
                      style={
                        Object {
                          "display": "inline-block",
                          "width": "100%",
                        }
                      }
                      tabIndex={-1}
                    >
                      <img
                        alt="wrestling club"
                        src="wrestling-club.jpg"
                        style={
                          Object {
                            "width": "100%",
                          }
                        }
                      />
                      <p>
                        In college I had the opportunity to be president and coach of the University of Pittsburgh Wrestling Club. Here I had the chance to lead a great team and wrestlers and win quite a few championships.
                      </p>
                    </div>
                  </div>
                </div>
                <div
                  aria-hidden={true}
                  className="slick-slide"
                  data-index={2}
                  onClick={[Function]}
                  style={
                    Object {
                      "outline": "none",
                      "width": 0,
                    }
                  }
                  tabIndex="-1"
                >
                  <div>
                    <div
                      style={
                        Object {
                          "display": "inline-block",
                          "width": "100%",
                        }
                      }
                      tabIndex={-1}
                    >
                      <img
                        alt="samaritans purse"
                        src="samaritans-purse-group.jpg"
                        style={
                          Object {
                            "width": "100%",
                          }
                        }
                      />
                      <p>
                        Over my trip across the country I signed up to become part of Samaritan Purse's disaster relief team. We volunteered in Baton Rouge to help the recent flood victims.
                      </p>
                    </div>
                  </div>
                </div>
                <div
                  aria-hidden={true}
                  className="slick-slide"
                  data-index={3}
                  onClick={[Function]}
                  style={
                    Object {
                      "outline": "none",
                      "width": 0,
                    }
                  }
                  tabIndex="-1"
                >
                  <div>
                    <div
                      style={
                        Object {
                          "display": "inline-block",
                          "width": "100%",
                        }
                      }
                      tabIndex={-1}
                    >
                      <img
                        alt="mountains"
                        src="mountaineering.jpg"
                        style={
                          Object {
                            "width": "100%",
                          }
                        }
                      />
                      <p>
                        I love exploring the outdoors, climbing and mountaineering.
                      </p>
                    </div>
                  </div>
                </div>
                <div
                  aria-hidden={true}
                  className="slick-slide"
                  data-index={4}
                  onClick={[Function]}
                  style={
                    Object {
                      "outline": "none",
                      "width": 0,
                    }
                  }
                  tabIndex="-1"
                >
                  <div>
                    <div
                      style={
                        Object {
                          "display": "inline-block",
                          "width": "100%",
                        }
                      }
                      tabIndex={-1}
                    >
                      <img
                        alt="high school wrestling"
                        src="high-school-wrestling.jpg"
                        style={
                          Object {
                            "width": "100%",
                          }
                        }
                      />
                      <p>
                        I was an All American high school wrestler
                      </p>
                    </div>
                  </div>
                </div>
                <div
                  aria-hidden={true}
                  className="slick-slide slick-cloned"
                  data-index={5}
                  onClick={[Function]}
                  style={
                    Object {
                      "width": 0,
                    }
                  }
                  tabIndex="-1"
                >
                  <div>
                    <div
                      style={
                        Object {
                          "display": "inline-block",
                          "width": "100%",
                        }
                      }
                      tabIndex={-1}
                    >
                      <img
                        alt="ironman"
                        src="ironman.jpg"
                        style={
                          Object {
                            "width": "100%",
                          }
                        }
                      />
                      <p>
                        I'm an ultra athlete, I've complete 7 marathons, won the Chi Town Half Marathon and completed 2 Ironman competitions.
                      </p>
                    </div>
                  </div>
                </div>
                <div
                  aria-hidden={true}
                  className="slick-slide slick-cloned"
                  data-index={6}
                  onClick={[Function]}
                  style={
                    Object {
                      "width": 0,
                    }
                  }
                  tabIndex="-1"
                >
                  <div>
                    <div
                      style={
                        Object {
                          "display": "inline-block",
                          "width": "100%",
                        }
                      }
                      tabIndex={-1}
                    >
                      <img
                        alt="wrestling club"
                        src="wrestling-club.jpg"
                        style={
                          Object {
                            "width": "100%",
                          }
                        }
                      />
                      <p>
                        In college I had the opportunity to be president and coach of the University of Pittsburgh Wrestling Club. Here I had the chance to lead a great team and wrestlers and win quite a few championships.
                      </p>
                    </div>
                  </div>
                </div>
                <div
                  aria-hidden={true}
                  className="slick-slide slick-cloned"
                  data-index={7}
                  onClick={[Function]}
                  style={
                    Object {
                      "width": 0,
                    }
                  }
                  tabIndex="-1"
                >
                  <div>
                    <div
                      style={
                        Object {
                          "display": "inline-block",
                          "width": "100%",
                        }
                      }
                      tabIndex={-1}
                    >
                      <img
                        alt="samaritans purse"
                        src="samaritans-purse-group.jpg"
                        style={
                          Object {
                            "width": "100%",
                          }
                        }
                      />
                      <p>
                        Over my trip across the country I signed up to become part of Samaritan Purse's disaster relief team. We volunteered in Baton Rouge to help the recent flood victims.
                      </p>
                    </div>
                  </div>
                </div>
                <div
                  aria-hidden={true}
                  className="slick-slide slick-cloned"
                  data-index={8}
                  onClick={[Function]}
                  style={
                    Object {
                      "width": 0,
                    }
                  }
                  tabIndex="-1"
                >
                  <div>
                    <div
                      style={
                        Object {
                          "display": "inline-block",
                          "width": "100%",
                        }
                      }
                      tabIndex={-1}
                    >
                      <img
                        alt="mountains"
                        src="mountaineering.jpg"
                        style={
                          Object {
                            "width": "100%",
                          }
                        }
                      />
                      <p>
                        I love exploring the outdoors, climbing and mountaineering.
                      </p>
                    </div>
                  </div>
                </div>
                <div
                  aria-hidden={true}
                  className="slick-slide slick-cloned"
                  data-index={9}
                  onClick={[Function]}
                  style={
                    Object {
                      "width": 0,
                    }
                  }
                  tabIndex="-1"
                >
                  <div>
                    <div
                      style={
                        Object {
                          "display": "inline-block",
                          "width": "100%",
                        }
                      }
                      tabIndex={-1}
                    >
                      <img
                        alt="high school wrestling"
                        src="high-school-wrestling.jpg"
                        style={
                          Object {
                            "width": "100%",
                          }
                        }
                      />
                      <p>
                        I was an All American high school wrestler
                      </p>
                    </div>
                  </div>
                </div>
              </div>
            </div>
            <button
              className="slick-arrow slick-next"
              data-role="none"
              onClick={[Function]}
              style={
                Object {
                  "display": "block",
                }
              }
              type="button"
            >
               
              Next
            </button>
            <ul
              className="slick-dots"
              onMouseEnter={null}
              onMouseLeave={null}
              onMouseOver={null}
              style={
                Object {
                  "display": "block",
                }
              }
            >
              <li
                className="slick-active"
              >
                <button
                  onClick={[Function]}
                >
                  1
                </button>
              </li>
              <li
                className=""
              >
                <button
                  onClick={[Function]}
                >
                  2
                </button>
              </li>
              <li
                className=""
              >
                <button
                  onClick={[Function]}
                >
                  3
                </button>
              </li>
              <li
                className=""
              >
                <button
                  onClick={[Function]}
                >
                  4
                </button>
              </li>
              <li
                className=""
              >
                <button
                  onClick={[Function]}
                >
                  5
                </button>
              </li>
            </ul>
          </div>
        </div>
      </div>
      <div
        className="col-md-1"
      />
    </div>
  </div>,
]
`;

exports[`the Header component snapshot test 1`] = `
<div
  className="parallax"
>
  <div
    className="container"
  >
    <div
      className="vertical-center jumbotron"
    >
      <h1
        className="name-header"
      >
        Scott Schretzenmaier
      </h1>
      <p
        id="name-description"
      >
        Software Engineer, Bug Squasher, Adventure Seeker
      </p>
    </div>
  </div>
</div>
`;

exports[`the Intro component snapshot test 1`] = `
<div
  className="row"
  style={
    Object {
      "marginBottom": "50px",
      "marginTop": "40px",
    }
  }
>
  <div
    className="col-md-6 col-sm-12"
  >
    <img
      alt="scott-schretzenmaier-profile"
      className="img-fluid"
      src="Profile-Photo.png"
    />
  </div>
  <div
    className="col-md-6 col-sm-12"
  >
    <h1
      className=" hello-header"
      style={
        Object {
          "opacity": undefined,
        }
      }
    >
      Hi, I'm Scott
    </h1>
    <p
      className="about-me"
    >
      I'm a motivated guy who loves building awesome defense software. I prefer backend development but I dabble with a bit of everything. I'm also a big fan of agile processes, both in development and in life.
    </p>
    <ul
      className="list-inline"
    >
      <li>
        <strong>
          Email:
        </strong>
         schretzy929@gmail.com
      </li>
      <li>
        <strong>
          Location:
        </strong>
         Los Angeles, CA
      </li>
    </ul>
    <div>
      <a
        href="https://github.com/schretzilla"
        rel="noopener noreferrer"
        target="_blank"
      >
        <img
          alt="github logo"
          src="github-icon.png"
          style={
            Object {
              "height": "37px",
              "margin": "5px",
            }
          }
        />
      </a>
      <a
        href="http://www.linkedin.com/in/scott-schretzenmaier-26ab1178"
        rel="noopener noreferrer"
        target="_blank"
      >
        <img
          alt="Linked In logo"
          src="linkedin-logo.png"
          style={
            Object {
              "height": "37px",
              "margin": "5px",
            }
          }
        />
      </a>
      <a
        href="https://drive.google.com/open?id=1UzKlP_4Am8XAe6fSScxsFzNZIMKlkeUE"
        rel="noopener noreferrer"
        target="_blank"
      >
        <img
          alt="Resume"
          src="resume-icon.png"
          style={
            Object {
              "height": "37px",
              "margin": "5px",
            }
          }
        />
      </a>
    </div>
  </div>
</div>
`;

exports[`the Projects component snapshot tests image on left 1`] = `
Array [
  <div
    className="row"
  >
    <div
      className="col-md-5 col-12 order-md-0 order-1"
    >
      <img
        alt="trail camera 3-D model"
        className="img-fluid"
        src="trail-camera-placement.jpeg"
      />
    </div>
     
    <div
      className="col-md-7 col-sm-12"
    >
      <h2
        className="featurette-heading"
      >
        Smart Bird Feeder!
         
        <small
          className="text-muted"
        >
          Building species saving technology
        </small>
      </h2>
      <p
        className="lead"
      >
        I had the opportunity to lead a team of engineers as we worked with the San Diego Zoo to develop a Smart Bird Feeder that monitors the health of the Hawaiian Crows. At the conclusion of a month the device we created included the following:
      </p>
      <ol>
        <li>
          A bird feeder that includes a variety of sensors to track the diet of each bird
        </li>
        <li>
          A repurposed android cell phone that records video of the crows as they feed
        </li>
        <li>
          Remote login capabilities to watch from the bird feeder at any time
        </li>
        <li>
          A user interface for tracking each bird’s status
        </li>
      </ol>
      <ul
        className="list-inline"
      >
        <li
          className="list-inline-item"
        >
          <strong>
            Tools:
          </strong>
        </li>
        <li
          className="list-inline-item"
        >
          Android SDK
        </li>
        <li
          className="list-inline-item"
        >
          Java
        </li>
        <li
          className="list-inline-item"
        >
          A 3D Enclosure
        </li>
        <li
          className="list-inline-item"
        >
          Teensy 3.2
        </li>
      </ul>
      <ul
        className="list-inline"
      >
        <li
          className="list-inline-item"
        >
          <strong>
            Team:
          </strong>
        </li>
        <li
          className="list-inline-item"
        >
          Avery Bodenstein
        </li>
        <li
          className="list-inline-item"
        >
          Andrew Miyaguchi
        </li>
        <li
          className="list-inline-item"
        >
          John Madden
        </li>
      </ul>
      <h5
        className="text-left"
      >
        <small
          className="text-muted"
        >
          July/2019
        </small>
      </h5>
    </div>
  </div>,
  <hr
    className="featurette-divider"
  />,
]
`;

exports[`the Projects component snapshot tests image on right 1`] = `
Array [
  <div
    className="row"
  >
    <div
      className="col-md-7 col-sm-12"
    >
      <h2
        className="featurette-heading"
      >
        Smart Bird Feeder!
         
        <small
          className="text-muted"
        >
          Building species saving technology
        </small>
      </h2>
      <p
        className="lead"
      >
        I had the opportunity to lead a team of engineers as we worked with the San Diego Zoo to develop a Smart Bird Feeder that monitors the health of the Hawaiian Crows. At the conclusion of a month the device we created included the following:
      </p>
      <ol>
        <li>
          A bird feeder that includes a variety of sensors to track the diet of each bird
        </li>
        <li>
          A repurposed android cell phone that records video of the crows as they feed
        </li>
        <li>
          Remote login capabilities to watch from the bird feeder at any time
        </li>
        <li>
          A user interface for tracking each bird’s status
        </li>
      </ol>
      <ul
        className="list-inline"
      >
        <li
          className="list-inline-item"
        >
          <strong>
            Tools:
          </strong>
        </li>
        <li
          className="list-inline-item"
        >
          Android SDK
        </li>
        <li
          className="list-inline-item"
        >
          Java
        </li>
        <li
          className="list-inline-item"
        >
          A 3D Enclosure
        </li>
        <li
          className="list-inline-item"
        >
          Teensy 3.2
        </li>
      </ul>
      <ul
        className="list-inline"
      >
        <li
          className="list-inline-item"
        >
          <strong>
            Team:
          </strong>
        </li>
        <li
          className="list-inline-item"
        >
          Avery Bodenstein
        </li>
        <li
          className="list-inline-item"
        >
          Andrew Miyaguchi
        </li>
        <li
          className="list-inline-item"
        >
          John Madden
        </li>
      </ul>
      <h5
        className="text-left"
      >
        <small
          className="text-muted"
        >
          July/2019
        </small>
      </h5>
    </div>
     
    <div
      className="col-md-5 col-12 order-md-0 order-1"
    >
      <img
        alt="trail camera 3-D model"
        className="img-fluid"
        src="trail-camera-placement.jpeg"
      />
    </div>
  </div>,
  <hr
    className="featurette-divider"
  />,
]
`;

exports[`the Tech Stack component snapshot test 1`] = `
Array [
  <div
    className="react-reveal"
    style={
      Object {
        "opacity": undefined,
      }
    }
  >
    <div
      className="justify-content-center row"
    >
      <h2
        className="subject-header"
      >
        Tech Stack
      </h2>
    </div>
  </div>,
  <div
    className="react-reveal"
    style={
      Object {
        "opacity": undefined,
      }
    }
  >
    <div
      className="justify-content-center row"
    >
      <div
        className="col-xl-2 col-md-4 col-6"
        style={
          Object {
            "marginBottom": "30px",
          }
        }
      >
        <div
          className="flippy-container"
          onMouseEnter={[Function]}
          onMouseLeave={[Function]}
          onTouchEnd={[Function]}
          onTouchStart={[Function]}
          style={Object {}}
        >
          <div
            className="flippy-cardContainer-wrapper vertical"
          >
            <div
              className="flippy-cardContainer  "
            >
              <div
                className="flippy-card flippy-front "
                style={
                  Object {
                    "transitionDuration": "0.6s",
                  }
                }
              >
                <img
                  alt="C#"
                  className="rounded mx-auto d-block"
                  src="csharp.png"
                  style={
                    Object {
                      "maxHeight": "100%",
                      "maxWidth": "100%",
                    }
                  }
                  title="C#"
                />
              </div>
              <div
                className="flippy-card flippy-back "
                style={
                  Object {
                    "transitionDuration": "0.6s",
                  }
                }
              >
                <p
                  className="lead text-center"
                  style={
                    Object {
                      "marginTop": "10%",
                    }
                  }
                >
                  <a
                    href="https://docs.microsoft.com/en-us/dotnet/csharp/"
                    rel="noopener noreferrer"
                    target="_blank"
                  >
                    C#
                  </a>
                </p>
              </div>
            </div>
          </div>
        </div>
      </div>
      <div
        className="col-xl-2 col-md-4 col-6"
        style={
          Object {
            "marginBottom": "30px",
          }
        }
      >
        <div
          className="flippy-container"
          onMouseEnter={[Function]}
          onMouseLeave={[Function]}
          onTouchEnd={[Function]}
          onTouchStart={[Function]}
          style={Object {}}
        >
          <div
            className="flippy-cardContainer-wrapper vertical"
          >
            <div
              className="flippy-cardContainer  "
            >
              <div
                className="flippy-card flippy-front "
                style={
                  Object {
                    "transitionDuration": "0.6s",
                  }
                }
              >
                <img
                  alt="Bootstrap CSS Framework"
                  className="rounded mx-auto d-block"
                  src="bootstrap.png"
                  style={
                    Object {
                      "maxHeight": "100%",
                      "maxWidth": "100%",
                    }
                  }
                  title="Bootstrap CSS Framework"
                />
              </div>
              <div
                className="flippy-card flippy-back "
                style={
                  Object {
                    "transitionDuration": "0.6s",
                  }
                }
              >
                <p
                  className="lead text-center"
                  style={
                    Object {
                      "marginTop": "10%",
                    }
                  }
                >
                  <a
                    href="https://getbootstrap.com/"
                    rel="noopener noreferrer"
                    target="_blank"
                  >
                    Bootstrap CSS Framework
                  </a>
                </p>
              </div>
            </div>
          </div>
        </div>
      </div>
      <div
        className="col-xl-2 col-md-4 col-6"
        style={
          Object {
            "marginBottom": "30px",
          }
        }
      >
        <div
          className="flippy-container"
          onMouseEnter={[Function]}
          onMouseLeave={[Function]}
          onTouchEnd={[Function]}
          onTouchStart={[Function]}
          style={Object {}}
        >
          <div
            className="flippy-cardContainer-wrapper vertical"
          >
            <div
              className="flippy-cardContainer  "
            >
              <div
                className="flippy-card flippy-front "
                style={
                  Object {
                    "transitionDuration": "0.6s",
                  }
                }
              >
                <img
                  alt="React Framework"
                  className="rounded mx-auto d-block"
                  src="react.png"
                  style={
                    Object {
                      "maxHeight": "100%",
                      "maxWidth": "100%",
                    }
                  }
                  title="React Framework"
                />
              </div>
              <div
                className="flippy-card flippy-back "
                style={
                  Object {
                    "transitionDuration": "0.6s",
                  }
                }
              >
                <p
                  className="lead text-center"
                  style={
                    Object {
                      "marginTop": "10%",
                    }
                  }
                >
                  <a
                    href="https://reactjs.org/"
                    rel="noopener noreferrer"
                    target="_blank"
                  >
                    React Framework
                  </a>
                </p>
              </div>
            </div>
          </div>
        </div>
      </div>
      <div
        className="col-xl-2 col-md-4 col-6"
        style={
          Object {
            "marginBottom": "30px",
          }
        }
      >
        <div
          className="flippy-container"
          onMouseEnter={[Function]}
          onMouseLeave={[Function]}
          onTouchEnd={[Function]}
          onTouchStart={[Function]}
          style={Object {}}
        >
          <div
            className="flippy-cardContainer-wrapper vertical"
          >
            <div
              className="flippy-cardContainer  "
            >
              <div
                className="flippy-card flippy-front "
                style={
                  Object {
                    "transitionDuration": "0.6s",
                  }
                }
              >
                <img
                  alt="JavaScript"
                  className="rounded mx-auto d-block"
                  src="javascript.png"
                  style={
                    Object {
                      "maxHeight": "100%",
                      "maxWidth": "100%",
                    }
                  }
                  title="JavaScript"
                />
              </div>
              <div
                className="flippy-card flippy-back "
                style={
                  Object {
                    "transitionDuration": "0.6s",
                  }
                }
              >
                <p
                  className="lead text-center"
                  style={
                    Object {
                      "marginTop": "10%",
                    }
                  }
                >
                  <a
                    href="https://developer.mozilla.org/en-US/docs/Web/JavaScript"
                    rel="noopener noreferrer"
                    target="_blank"
                  >
                    JavaScript
                  </a>
                </p>
              </div>
            </div>
          </div>
        </div>
      </div>
      <div
        className="col-xl-2 col-md-4 col-6"
        style={
          Object {
            "marginBottom": "30px",
          }
        }
      >
        <div
          className="flippy-container"
          onMouseEnter={[Function]}
          onMouseLeave={[Function]}
          onTouchEnd={[Function]}
          onTouchStart={[Function]}
          style={Object {}}
        >
          <div
            className="flippy-cardContainer-wrapper vertical"
          >
            <div
              className="flippy-cardContainer  "
            >
              <div
                className="flippy-card flippy-front "
                style={
                  Object {
                    "transitionDuration": "0.6s",
                  }
                }
              >
                <img
                  alt="Java"
                  className="rounded mx-auto d-block"
                  src="java.png"
                  style={
                    Object {
                      "maxHeight": "100%",
                      "maxWidth": "100%",
                    }
                  }
                  title="Java"
                />
              </div>
              <div
                className="flippy-card flippy-back "
                style={
                  Object {
                    "transitionDuration": "0.6s",
                  }
                }
              >
                <p
                  className="lead text-center"
                  style={
                    Object {
                      "marginTop": "10%",
                    }
                  }
                >
                  <a
                    href="https://docs.oracle.com/javase/8/docs/technotes/guides/language/index.html"
                    rel="noopener noreferrer"
                    target="_blank"
                  >
                    Java
                  </a>
                </p>
              </div>
            </div>
          </div>
        </div>
      </div>
      <div
        className="col-xl-2 col-md-4 col-6"
        style={
          Object {
            "marginBottom": "30px",
          }
        }
      >
        <div
          className="flippy-container"
          onMouseEnter={[Function]}
          onMouseLeave={[Function]}
          onTouchEnd={[Function]}
          onTouchStart={[Function]}
          style={Object {}}
        >
          <div
            className="flippy-cardContainer-wrapper vertical"
          >
            <div
              className="flippy-cardContainer  "
            >
              <div
                className="flippy-card flippy-front "
                style={
                  Object {
                    "transitionDuration": "0.6s",
                  }
                }
              >
                <img
                  alt="Python"
                  className="rounded mx-auto d-block"
                  src="python.png"
                  style={
                    Object {
                      "maxHeight": "100%",
                      "maxWidth": "100%",
                    }
                  }
                  title="Python"
                />
              </div>
              <div
                className="flippy-card flippy-back "
                style={
                  Object {
                    "transitionDuration": "0.6s",
                  }
                }
              >
                <p
                  className="lead text-center"
                  style={
                    Object {
                      "marginTop": "10%",
                    }
                  }
                >
                  <a
                    href="https://www.python.org/"
                    rel="noopener noreferrer"
                    target="_blank"
                  >
                    Python
                  </a>
                </p>
              </div>
            </div>
          </div>
        </div>
      </div>
    </div>
  </div>,
  <hr
    className="react-reveal featurette-divider"
    style={
      Object {
        "opacity": undefined,
      }
    }
  />,
]
`;
